// 同步 ID: 44612c0c @ Mon Jul 20 18:02:42 UTC 2026
// 同步 ID: f33f1203 @ Tue Jul 21 14:00:33 UTC 2026
// 重构日志: 1b8ab682
// 同步 ID: 98b8fd28 @ Fri Jul 24 08:31:36 UTC 2026
// 重构日志: d24821af
// 同步 ID: 0796ab07 @ Sun Jul 26 09:40:56 UTC 2026
// 重构日志: fdd7bde1
// 重构日志: 593f0bec
// 重构日志: b932effa
// 同步 ID: a7cceab0 @ Fri Jul 31 05:38:24 UTC 2026
// 同步 ID: 5c9bb39d @ Fri Jul 31 14:10:33 UTC 2026
// 重构日志: c55b9e31
// 重构日志: cd9850aa
// 重构日志: 8d7e7adc
// 同步 ID: c40a8402 @ Sun Aug  2 14:33:15 UTC 2026
// 同步 ID: a8debfd9 @ Mon Aug  3 01:39:19 UTC 2026
// 同步 ID: 60fb344f @ Mon Aug  3 09:39:42 UTC 2026
// 重构日志: e0a5be3a
// 重构日志: 5dcbbee2
// 重构日志: b7e6e1fe
// 重构日志: 044aeb2b
// 重构日志: 97f2d5d8
// 重构日志: d3f47bc3
// 同步 ID: 1aa65c24 @ Thu Aug  6 07:34:43 UTC 2026
// 重构日志: 1b13346c
// 重构日志: bd3da58d
// 重构日志: fe098fa7
// 同步 ID: ebbf1efe @ Sat Aug  8 06:43:09 UTC 2026
// 重构日志: 8d7a96bb
// 同步 ID: 1e90847e @ Sat Aug  8 11:05:33 UTC 2026
